// Jest Snapshot v1, https://goo.gl/fbAQLP

exports[`PokemonPage.vue should match snapshot 1`] = `<span>Looking for a pokemon, please wait...</span>`;
